HW06 · 23127195 · API-2 (FR-09) — Ap dung Ma Giam Gia (Coupon)

□ 00 - Setup & Fixtures
└ TC-A2-S01 [SETUP] Dang ky nguoi dung dung cho nhom kiem thu cong thuc / nguong
  ┌
  │ '[X-Student-Id] 23127195  ->  POST /api/register'
  └
  POST http://localhost:3000/api/register [200 OK, 316B, 25ms]
  √  [GLOBAL] Request mang header X-Student-Id dung dinh dang
  √  [GLOBAL] Server khong ro ri stack trace / duong dan he thong
  √  Status code la 200

└ TC-A2-S02 [SETUP] Dang nhap nguoi dung 'cong thuc'
  ┌
  │ '[X-Student-Id] 23127195  ->  POST /api/login'
  └
  POST http://localhost:3000/api/login [200 OK, 663B, 3ms]
  √  [GLOBAL] Request mang header X-Student-Id dung dinh dang
  √  [GLOBAL] Server khong ro ri stack trace / duong dan he thong
  √  Status code la 200

└ TC-A2-S03 [SETUP] Dang ky nguoi dung dung cho nhom kiem thu so luot (C5)
  ┌
  │ '[X-Student-Id] 23127195  ->  POST /api/register'
  └
  POST http://localhost:3000/api/register [200 OK, 316B, 3ms]
  √  [GLOBAL] Request mang header X-Student-Id dung dinh dang
  √  [GLOBAL] Server khong ro ri stack trace / duong dan he thong
  √  Status code la 200

└ TC-A2-S04 [SETUP] Dang nhap nguoi dung 'dem luot'
  ┌
  │ '[X-Student-Id] 23127195  ->  POST /api/login'
  └
  POST http://localhost:3000/api/login [200 OK, 660B, 2ms]
  √  [GLOBAL] Request mang header X-Student-Id dung dinh dang
  √  [GLOBAL] Server khong ro ri stack trace / duong dan he thong
  √  Status code la 200

□ 01 - Decision Table C1: ma ton tai & dang hoat dong
└ TC-A2-001 C1 dung: ma SAVE10 ton tai va is_active=1 -> vuot qua C1
  ┌
  │ '[X-Student-Id] 23127195  ->  POST /api/apply-coupon'
  └
  POST http://localhost:3000/api/apply-coupon [200 OK, 396B, 8ms]
  √  [GLOBAL] Request mang header X-Student-Id dung dinh dang
  √  [GLOBAL] Server khong ro ri stack trace / duong dan he thong
  √  C1: ma phai duoc tim thay (khong 404)

└ TC-A2-002 C1 sai: ma khong ton tai -> 404
  ┌
  │ '[X-Student-Id] 23127195  ->  POST /api/apply-coupon'
  └
  POST http://localhost:3000/api/apply-coupon [404 Not Found, 353B, 3ms]
  √  [GLOBAL] Request mang header X-Student-Id dung dinh dang
  √  [GLOBAL] Server khong ro ri stack trace / duong dan he thong
  √  Status code la 404
  √  Response co truong 'error'

└ TC-A2-003 code rong "" -> 400
  ┌
  │ '[X-Student-Id] 23127195  ->  POST /api/apply-coupon'
  └
  POST http://localhost:3000/api/apply-coupon [400 Bad Request, 320B, 1ms]
  √  [GLOBAL] Request mang header X-Student-Id dung dinh dang
  √  [GLOBAL] Server khong ro ri stack trace / duong dan he thong
  √  Status code la 400

└ TC-A2-004 thieu truong code -> 400
  ┌
  │ '[X-Student-Id] 23127195  ->  POST /api/apply-coupon'
  └
  POST http://localhost:3000/api/apply-coupon [400 Bad Request, 320B, 5ms]
  √  [GLOBAL] Request mang header X-Student-Id dung dinh dang
  √  [GLOBAL] Server khong ro ri stack trace / duong dan he thong
  √  Status code la 400

└ TC-A2-005 code = null -> 400
  ┌
  │ '[X-Student-Id] 23127195  ->  POST /api/apply-coupon'
  └
  POST http://localhost:3000/api/apply-coupon [400 Bad Request, 320B, 3ms]
  √  [GLOBAL] Request mang header X-Student-Id dung dinh dang
  √  [GLOBAL] Server khong ro ri stack trace / duong dan he thong
  √  Status code la 400

└ TC-A2-006 code viet thuong "save10" -> phai nhan dien la cung mot ma
  ┌
  │ '[X-Student-Id] 23127195  ->  POST /api/apply-coupon'
  └
  POST http://localhost:3000/api/apply-coupon [404 Not Found, 353B, 3ms]
  √  [GLOBAL] Request mang header X-Student-Id dung dinh dang
  √  [GLOBAL] Server khong ro ri stack trace / duong dan he thong
  1. Status code la 200

└ TC-A2-007 code co khoang trang bao quanh -> trim roi nhan dien
  ┌
  │ '[X-Student-Id] 23127195  ->  POST /api/apply-coupon'
  └
  POST http://localhost:3000/api/apply-coupon [404 Not Found, 353B, 4ms]
  √  [GLOBAL] Request mang header X-Student-Id dung dinh dang
  √  [GLOBAL] Server khong ro ri stack trace / duong dan he thong
  √  Status code thuoc [200, 400, 404]
  √  Khong 5xx

└ TC-A2-008 code sai kieu (number) -> 400/404, khong 5xx
  ┌
  │ '[X-Student-Id] 23127195  ->  POST /api/apply-coupon'
  └
  POST http://localhost:3000/api/apply-coupon [404 Not Found, 353B, 3ms]
  √  [GLOBAL] Request mang header X-Student-Id dung dinh dang
  √  [GLOBAL] Server khong ro ri stack trace / duong dan he thong
  √  Status code thuoc [400, 404]

□ 02 - Decision Table C2: con han su dung
└ TC-A2-009 C2 sai: ma EXPIRED (het han 2020-01-01), don du nguong -> 400 het han
  ┌
  │ '[X-Student-Id] 23127195  ->  POST /api/apply-coupon'
  └
  POST http://localhost:3000/api/apply-coupon [400 Bad Request, 320B, 4ms]
  √  [GLOBAL] Request mang header X-Student-Id dung dinh dang
  √  [GLOBAL] Server khong ro ri stack trace / duong dan he thong
  √  Status code la 400
  √  Thong bao noi ro ma da het han

└ TC-A2-010 C2 sai + C3 sai cung luc: ma het han VA don duoi nguong -> khong duoc thanh cong
  ┌
  │ '[X-Student-Id] 23127195  ->  POST /api/apply-coupon'
  └
  POST http://localhost:3000/api/apply-coupon [400 Bad Request, 374B, 24ms]
  √  [GLOBAL] Request mang header X-Student-Id dung dinh dang
  √  [GLOBAL] Server khong ro ri stack trace / duong dan he thong
  √  Status code la 400
  2. Uu tien bao ma da het han thay vi bao chua du nguong

└ TC-A2-011 C2 dung: ma SAVE10 con han (2099-12-31) -> vuot qua C2
  ┌
  │ '[X-Student-Id] 23127195  ->  POST /api/apply-coupon'
  └
  POST http://localhost:3000/api/apply-coupon [200 OK, 396B, 6ms]
  √  [GLOBAL] Request mang header X-Student-Id dung dinh dang
  √  [GLOBAL] Server khong ro ri stack trace / duong dan he thong
  √  Khong duoc bao het han

□ 03 - Decision Table C3: nguong don hang (BVA)
└ TC-A2-012 BVA min-1: SAVE10 voi total = 299.999 (min = 300.000) -> 400
  ┌
  │ '[X-Student-Id] 23127195  ->  POST /api/apply-coupon'
  └
  POST http://localhost:3000/api/apply-coupon [400 Bad Request, 374B, 6ms]
  √  [GLOBAL] Request mang header X-Student-Id dung dinh dang
  √  [GLOBAL] Server khong ro ri stack trace / duong dan he thong
  √  Status code la 400

└ TC-A2-013 BVA min: SAVE10 voi total = 300.000 (= min) -> PHAI duoc chap nhan
  ┌
  │ '[X-Student-Id] 23127195  ->  POST /api/apply-coupon'
  └
  POST http://localhost:3000/api/apply-coupon [400 Bad Request, 374B, 7ms]
  √  [GLOBAL] Request mang header X-Student-Id dung dinh dang
  √  [GLOBAL] Server khong ro ri stack trace / duong dan he thong
  3. Status code la 200
  4. success == True

└ TC-A2-014 BVA min+1: SAVE10 voi total = 300.001 -> 200
  ┌
  │ '[X-Student-Id] 23127195  ->  POST /api/apply-coupon'
  └
  POST http://localhost:3000/api/apply-coupon [200 OK, 396B, 6ms]
  √  [GLOBAL] Request mang header X-Student-Id dung dinh dang
  √  [GLOBAL] Server khong ro ri stack trace / duong dan he thong
  √  Status code la 200
  √  success == True

└ TC-A2-015 BVA min: BIGBUY voi total = 500.000 (= min) -> PHAI duoc chap nhan
  ┌
  │ '[X-Student-Id] 23127195  ->  POST /api/apply-coupon'
  └
  POST http://localhost:3000/api/apply-coupon [400 Bad Request, 374B, 6ms]
  √  [GLOBAL] Request mang header X-Student-Id dung dinh dang
  √  [GLOBAL] Server khong ro ri stack trace / duong dan he thong
  5. Status code la 200
  6. success == True

└ TC-A2-016 BVA min-1: BIGBUY voi total = 499.999 -> 400
  ┌
  │ '[X-Student-Id] 23127195  ->  POST /api/apply-coupon'
  └
  POST http://localhost:3000/api/apply-coupon [400 Bad Request, 374B, 5ms]
  √  [GLOBAL] Request mang header X-Student-Id dung dinh dang
  √  [GLOBAL] Server khong ro ri stack trace / duong dan he thong
  √  Status code la 400

□ 04 - Decision Table C4: yeu cau dang nhap
└ TC-A2-017 C4 sai: goi apply-coupon KHONG kem JWT -> 401
  ┌
  │ '[X-Student-Id] 23127195  ->  POST /api/apply-coupon'
  └
  POST http://localhost:3000/api/apply-coupon [200 OK, 396B, 4ms]
  √  [GLOBAL] Request mang header X-Student-Id dung dinh dang
  √  [GLOBAL] Server khong ro ri stack trace / duong dan he thong
  7. Status code thuoc [401, 403]
  8. Khong duoc tra ket qua tinh tien

└ TC-A2-018 C4 sai: token khong hop le -> 403
  ┌
  │ '[X-Student-Id] 23127195  ->  POST /api/apply-coupon'
  └
  POST http://localhost:3000/api/apply-coupon [200 OK, 396B, 7ms]
  √  [GLOBAL] Request mang header X-Student-Id dung dinh dang
  √  [GLOBAL] Server khong ro ri stack trace / duong dan he thong
  9. Status code thuoc [401, 403]

└ TC-A2-019 C4 dung: token hop le -> duoc phep tinh giam gia
  ┌
  │ '[X-Student-Id] 23127195  ->  POST /api/apply-coupon'
  └
  POST http://localhost:3000/api/apply-coupon [200 OK, 396B, 4ms]
  √  [GLOBAL] Request mang header X-Student-Id dung dinh dang
  √  [GLOBAL] Server khong ro ri stack trace / duong dan he thong
  √  Status code la 200

└ TC-A2-020 POST /api/coupon-usage khong kem token -> 401
  ┌
  │ '[X-Student-Id] 23127195  ->  POST /api/coupon-usage'
  └
  POST http://localhost:3000/api/coupon-usage [401 Unauthorized, 301B, 6ms]
  √  [GLOBAL] Request mang header X-Student-Id dung dinh dang
  √  [GLOBAL] Server khong ro ri stack trace / duong dan he thong
  √  Status code thuoc [401, 403]

□ 05 - Decision Table C5 + State Transition: so luot / nguoi
└ TC-A2-021 [S0 -> ap dung lan 1] SAVE10 (max 1 luot) cho nguoi dung chua tung dung -> 200
  ┌
  │ '[X-Student-Id] 23127195  ->  POST /api/apply-coupon'
  └
  POST http://localhost:3000/api/apply-coupon [200 OK, 396B, 2ms]
  √  [GLOBAL] Request mang header X-Student-Id dung dinh dang
  √  [GLOBAL] Server khong ro ri stack trace / duong dan he thong
  √  Status code la 200
  √  success == True

└ TC-A2-022 [SETUP] Ghi nhan luot su dung SAVE10 (mo phong checkout thanh cong)
  ┌
  │ '[X-Student-Id] 23127195  ->  POST /api/coupon-usage'
  └
  POST http://localhost:3000/api/coupon-usage [200 OK, 295B, 10ms]
  √  [GLOBAL] Request mang header X-Student-Id dung dinh dang
  √  [GLOBAL] Server khong ro ri stack trace / duong dan he thong
  √  Status code la 200

└ TC-A2-023 [S1 = max] C5 sai: dung SAVE10 lan 2 -> 400 het luot
  ┌
  │ '[X-Student-Id] 23127195  ->  POST /api/apply-coupon'
  └
  POST http://localhost:3000/api/apply-coupon [400 Bad Request, 354B, 7ms]
  √  [GLOBAL] Request mang header X-Student-Id dung dinh dang
  √  [GLOBAL] Server khong ro ri stack trace / duong dan he thong
  √  Status code la 400
  √  Response co truong 'error'

└ TC-A2-024 C5: bo trong user_id de LACH kiem tra so luot -> van phai bi chan
  ┌
  │ '[X-Student-Id] 23127195  ->  POST /api/apply-coupon'
  └
  POST http://localhost:3000/api/apply-coupon [200 OK, 396B, 3ms]
  √  [GLOBAL] Request mang header X-Student-Id dung dinh dang
  √  [GLOBAL] Server khong ro ri stack trace / duong dan he thong
 10. Status code thuoc [400, 401]
 11. Khong duoc tinh giam gia khi da het luot

└ TC-A2-025 C5 (IDOR): truyen user_id cua nguoi khac de muon luot -> phai bi chan
  ┌
  │ '[X-Student-Id] 23127195  ->  POST /api/apply-coupon'
  └
  POST http://localhost:3000/api/apply-coupon [200 OK, 396B, 6ms]
  √  [GLOBAL] Request mang header X-Student-Id dung dinh dang
  √  [GLOBAL] Server khong ro ri stack trace / duong dan he thong
 12. Status code thuoc [400, 401, 403]
 13. Khong duoc muon luot cua nguoi khac

└ TC-A2-026 C5: VIP100 cho phep 2 luot - lan 1 -> 200
  ┌
  │ '[X-Student-Id] 23127195  ->  POST /api/apply-coupon'
  └
  POST http://localhost:3000/api/apply-coupon [200 OK, 401B, 7ms]
  √  [GLOBAL] Request mang header X-Student-Id dung dinh dang
  √  [GLOBAL] Server khong ro ri stack trace / duong dan he thong
  √  Status code la 200

└ TC-A2-027 [SETUP] Ghi nhan luot VIP100 lan 1
  ┌
  │ '[X-Student-Id] 23127195  ->  POST /api/coupon-usage'
  └
  POST http://localhost:3000/api/coupon-usage [200 OK, 295B, 10ms]
  √  [GLOBAL] Request mang header X-Student-Id dung dinh dang
  √  [GLOBAL] Server khong ro ri stack trace / duong dan he thong
  √  Status code la 200

└ TC-A2-028 C5: VIP100 lan 2 (usage = 1 < max = 2) -> van 200
  ┌
  │ '[X-Student-Id] 23127195  ->  POST /api/apply-coupon'
  └
  POST http://localhost:3000/api/apply-coupon [200 OK, 401B, 4ms]
  √  [GLOBAL] Request mang header X-Student-Id dung dinh dang
  √  [GLOBAL] Server khong ro ri stack trace / duong dan he thong
  √  Status code la 200

└ TC-A2-029 [SETUP] Ghi nhan luot VIP100 lan 2
  ┌
  │ '[X-Student-Id] 23127195  ->  POST /api/coupon-usage'
  └
  POST http://localhost:3000/api/coupon-usage [200 OK, 295B, 11ms]
  √  [GLOBAL] Request mang header X-Student-Id dung dinh dang
  √  [GLOBAL] Server khong ro ri stack trace / duong dan he thong
  √  Status code la 200

└ TC-A2-030 [S2 = max] C5 sai: VIP100 lan 3 -> 400 het luot
  ┌
  │ '[X-Student-Id] 23127195  ->  POST /api/apply-coupon'
  └
  POST http://localhost:3000/api/apply-coupon [400 Bad Request, 354B, 3ms]
  √  [GLOBAL] Request mang header X-Student-Id dung dinh dang
  √  [GLOBAL] Server khong ro ri stack trace / duong dan he thong
  √  Status code la 400

└ TC-A2-031 So luot phai dem RIENG cho tung nguoi: nguoi dung khac van dung duoc SAVE10
  ┌
  │ '[X-Student-Id] 23127195  ->  POST /api/apply-coupon'
  └
  POST http://localhost:3000/api/apply-coupon [200 OK, 396B, 3ms]
  √  [GLOBAL] Request mang header X-Student-Id dung dinh dang
  √  [GLOBAL] Server khong ro ri stack trace / duong dan he thong
  √  Status code la 200
  √  success == True

□ 06 - Oracle: cong thuc tinh giam gia
└ TC-A2-032 percent: SAVE10 10% tren 500.000 -> discount = 50.000, final = 450.000
  ┌
  │ '[X-Student-Id] 23127195  ->  POST /api/apply-coupon'
  └
  POST http://localhost:3000/api/apply-coupon [200 OK, 396B, 6ms]
  √  [GLOBAL] Request mang header X-Student-Id dung dinh dang
  √  [GLOBAL] Server khong ro ri stack trace / duong dan he thong
  √  Status code la 200
 14. discount_amount == 50000
 15. final_amount == 450000

└ TC-A2-033 percent: SAVE10 10% tren 1.000.000 -> discount = 100.000, final = 900.000
  ┌
  │ '[X-Student-Id] 23127195  ->  POST /api/apply-coupon'
  └
  POST http://localhost:3000/api/apply-coupon [200 OK, 397B, 6ms]
  √  [GLOBAL] Request mang header X-Student-Id dung dinh dang
  √  [GLOBAL] Server khong ro ri stack trace / duong dan he thong
  √  Status code la 200
 16. discount_amount == 100000
 17. final_amount == 900000

└ TC-A2-034 fixed: BIGBUY giam 50.000 tren 600.000 -> final = 550.000
  ┌
  │ '[X-Student-Id] 23127195  ->  POST /api/apply-coupon'
  └
  POST http://localhost:3000/api/apply-coupon [200 OK, 399B, 6ms]
  √  [GLOBAL] Request mang header X-Student-Id dung dinh dang
  √  [GLOBAL] Server khong ro ri stack trace / duong dan he thong
  √  Status code la 200
  √  discount_amount == 50000
  √  final_amount == 550000

└ TC-A2-035 fixed: VIP100 giam 100.000 tren 400.000 -> final = 300.000
  ┌
  │ '[X-Student-Id] 23127195  ->  POST /api/apply-coupon'
  └
  POST http://localhost:3000/api/apply-coupon [200 OK, 401B, 2ms]
  √  [GLOBAL] Request mang header X-Student-Id dung dinh dang
  √  [GLOBAL] Server khong ro ri stack trace / duong dan he thong
  √  Status code la 200
  √  discount_amount == 100000
  √  final_amount == 300000

└ TC-A2-036 Bat bien: 0 <= discount_amount <= total_amount (khong bao gio am, khong vuot don)
  ┌
  │ '[X-Student-Id] 23127195  ->  POST /api/apply-coupon'
  └
  POST http://localhost:3000/api/apply-coupon [200 OK, 396B, 4ms]
  √  [GLOBAL] Request mang header X-Student-Id dung dinh dang
  √  [GLOBAL] Server khong ro ri stack trace / duong dan he thong
  √  Status code la 200
 18. Giam gia khong duoc am
  √  Giam gia khong duoc vuot qua tong don
 19. So tien phai tra khong duoc lon hon gia goc

└ TC-A2-037 Bat bien: final_amount = total_amount - discount_amount (nhat quan noi tai)
  ┌
  │ '[X-Student-Id] 23127195  ->  POST /api/apply-coupon'
  └
  POST http://localhost:3000/api/apply-coupon [200 OK, 399B, 2ms]
  √  [GLOBAL] Request mang header X-Student-Id dung dinh dang
  √  [GLOBAL] Server khong ro ri stack trace / duong dan he thong
  √  Status code la 200
  √  final_amount + discount_amount = total_amount

□ 07 - Domain Partition: total_amount
└ TC-A2-038 total_amount = 0 -> 400
  ┌
  │ '[X-Student-Id] 23127195  ->  POST /api/apply-coupon'
  └
  POST http://localhost:3000/api/apply-coupon [400 Bad Request, 374B, 5ms]
  √  [GLOBAL] Request mang header X-Student-Id dung dinh dang
  √  [GLOBAL] Server khong ro ri stack trace / duong dan he thong
  √  Status code la 400

└ TC-A2-039 total_amount am -> 400
  ┌
  │ '[X-Student-Id] 23127195  ->  POST /api/apply-coupon'
  └
  POST http://localhost:3000/api/apply-coupon [400 Bad Request, 374B, 6ms]
  √  [GLOBAL] Request mang header X-Student-Id dung dinh dang
  √  [GLOBAL] Server khong ro ri stack trace / duong dan he thong
  √  Status code la 400

└ TC-A2-040 thieu truong total_amount -> 400
  ┌
  │ '[X-Student-Id] 23127195  ->  POST /api/apply-coupon'
  └
  POST http://localhost:3000/api/apply-coupon [400 Bad Request, 374B, 5ms]
  √  [GLOBAL] Request mang header X-Student-Id dung dinh dang
  √  [GLOBAL] Server khong ro ri stack trace / duong dan he thong
  √  Status code la 400

└ TC-A2-041 total_amount = null -> 400
  ┌
  │ '[X-Student-Id] 23127195  ->  POST /api/apply-coupon'
  └
  POST http://localhost:3000/api/apply-coupon [400 Bad Request, 374B, 6ms]
  √  [GLOBAL] Request mang header X-Student-Id dung dinh dang
  √  [GLOBAL] Server khong ro ri stack trace / duong dan he thong
  √  Status code la 400

└ TC-A2-042 total_amount la chuoi khong phai so -> 400
  ┌
  │ '[X-Student-Id] 23127195  ->  POST /api/apply-coupon'
  └
  POST http://localhost:3000/api/apply-coupon [400 Bad Request, 374B, 4ms]
  √  [GLOBAL] Request mang header X-Student-Id dung dinh dang
  √  [GLOBAL] Server khong ro ri stack trace / duong dan he thong
  √  Status code la 400

└ TC-A2-043 total_amount la chuoi so "500000" -> phai xu ly nhat quan
  ┌
  │ '[X-Student-Id] 23127195  ->  POST /api/apply-coupon'
  └
  POST http://localhost:3000/api/apply-coupon [400 Bad Request, 374B, 5ms]
  √  [GLOBAL] Request mang header X-Student-Id dung dinh dang
  √  [GLOBAL] Server khong ro ri stack trace / duong dan he thong
  √  Don 90.000 (< nguong 300.000) phai bi tu choi du gui duoi dang chuoi

└ TC-A2-044 total_amount cuc lon (1e15) -> khong tran so, khong 5xx
  ┌
  │ '[X-Student-Id] 23127195  ->  POST /api/apply-coupon'
  └
  POST http://localhost:3000/api/apply-coupon [200 OK, 415B, 7ms]
  √  [GLOBAL] Request mang header X-Student-Id dung dinh dang
  √  [GLOBAL] Server khong ro ri stack trace / duong dan he thong
  √  Khong 5xx
 20. Neu chap nhan thi ket qua phai la so nguyen an toan

└ TC-A2-045 total_amount thap phan (300000.5) -> xu ly nhat quan, khong 5xx
  ┌
  │ '[X-Student-Id] 23127195  ->  POST /api/apply-coupon'
  └
  POST http://localhost:3000/api/apply-coupon [200 OK, 398B, 5ms]
  √  [GLOBAL] Request mang header X-Student-Id dung dinh dang
  √  [GLOBAL] Server khong ro ri stack trace / duong dan he thong
  √  Khong 5xx

□ 08 - Security: SEC-05 / ro ri thong tin
└ TC-A2-046 SEC-05: SQL Injection qua truong code
  ┌
  │ '[X-Student-Id] 23127195  ->  POST /api/apply-coupon'
  └
  POST http://localhost:3000/api/apply-coupon [404 Not Found, 353B, 6ms]
  √  [GLOBAL] Request mang header X-Student-Id dung dinh dang
  √  [GLOBAL] Server khong ro ri stack trace / duong dan he thong
  √  Status code thuoc [400, 404]
  √  Khong ro ri loi SQL
  √  SQLi khong duoc tra ve ket qua giam gia

└ TC-A2-047 SEC-05: SQL Injection qua truong user_id
  ┌
  │ '[X-Student-Id] 23127195  ->  POST /api/apply-coupon'
  └
  POST http://localhost:3000/api/apply-coupon [200 OK, 396B, 2ms]
  √  [GLOBAL] Request mang header X-Student-Id dung dinh dang
  √  [GLOBAL] Server khong ro ri stack trace / duong dan he thong
  √  Khong 5xx
  √  Khong ro ri loi SQL

└ TC-A2-048 Thong bao loi khong duoc ro ri cau hinh noi bo cua ma giam gia
  ┌
  │ '[X-Student-Id] 23127195  ->  POST /api/apply-coupon'
  └
  POST http://localhost:3000/api/apply-coupon [400 Bad Request, 374B, 4ms]
  √  [GLOBAL] Request mang header X-Student-Id dung dinh dang
  √  [GLOBAL] Server khong ro ri stack trace / duong dan he thong
  √  Status code la 400
  √  Khong lo ten cot CSDL trong thong bao loi

□ 09 - Schema Validation
└ TC-A2-049 Schema: response thanh cong khop hop dong API
  ┌
  │ '[X-Student-Id] 23127195  ->  POST /api/apply-coupon'
  └
  POST http://localhost:3000/api/apply-coupon [200 OK, 399B, 7ms]
  √  [GLOBAL] Request mang header X-Student-Id dung dinh dang
  √  [GLOBAL] Server khong ro ri stack trace / duong dan he thong
  √  Status code la 200
  √  Content-Type la application/json
  √  Response khop JSON Schema cua spec

└ TC-A2-050 Schema: discount_amount va final_amount phai la kieu SO, khong phai chuoi
  ┌
  │ '[X-Student-Id] 23127195  ->  POST /api/apply-coupon'
  └
  POST http://localhost:3000/api/apply-coupon [200 OK, 401B, 6ms]
  √  [GLOBAL] Request mang header X-Student-Id dung dinh dang
  √  [GLOBAL] Server khong ro ri stack trace / duong dan he thong
  √  Status code la 200
  √  Kieu du lieu cua 'discount_amount' la number
  √  Kieu du lieu cua 'final_amount' la number

└ TC-A2-051 Schema: response loi khop dinh dang { error: string }
  ┌
  │ '[X-Student-Id] 23127195  ->  POST /api/apply-coupon'
  └
  POST http://localhost:3000/api/apply-coupon [404 Not Found, 353B, 7ms]
  √  [GLOBAL] Request mang header X-Student-Id dung dinh dang
  √  [GLOBAL] Server khong ro ri stack trace / duong dan he thong
  √  Status code la 404
  √  Content-Type la application/json
  √  Response khop JSON Schema cua spec

└ TC-A2-052 Schema: response khong duoc ro ri toan bo ban ghi coupon
  ┌
  │ '[X-Student-Id] 23127195  ->  POST /api/apply-coupon'
  └
  POST http://localhost:3000/api/apply-coupon [200 OK, 399B, 6ms]
  √  [GLOBAL] Request mang header X-Student-Id dung dinh dang
  √  [GLOBAL] Server khong ro ri stack trace / duong dan he thong
  √  Status code la 200
  √  Response KHONG duoc co truong 'is_active'
  √  Response KHONG duoc co truong 'max_uses_per_user'
  √  Khong co truong nao ngoai hop dong API

└ TC-A2-053 Schema: apply-coupon phan hoi duoi 2000ms
  ┌
  │ '[X-Student-Id] 23127195  ->  POST /api/apply-coupon'
  └
  POST http://localhost:3000/api/apply-coupon [200 OK, 396B, 2ms]
  √  [GLOBAL] Request mang header X-Student-Id dung dinh dang
  √  [GLOBAL] Server khong ro ri stack trace / duong dan he thong
  √  Response time < 2000ms

┌─────────────────────────┬─────────────────┬─────────────────┐
│                         │        executed │          failed │
├─────────────────────────┼─────────────────┼─────────────────┤
│              iterations │               1 │               0 │
├─────────────────────────┼─────────────────┼─────────────────┤
│                requests │              57 │               0 │
├─────────────────────────┼─────────────────┼─────────────────┤
│            test-scripts │             114 │               0 │
├─────────────────────────┼─────────────────┼─────────────────┤
│      prerequest-scripts │              57 │               0 │
├─────────────────────────┼─────────────────┼─────────────────┤
│              assertions │             210 │              20 │
├─────────────────────────┴─────────────────┴─────────────────┤
│ total run duration: 5.3s                                    │
├─────────────────────────────────────────────────────────────┤
│ total data received: 6.23kB (approx)                        │
├─────────────────────────────────────────────────────────────┤
│ average response time: 5ms [min: 1ms, max: 25ms, s.d.: 4ms] │
└─────────────────────────────────────────────────────────────┘

[31m   # [39m[31m failure        [39m[31m detail                                                                                                                                                [39m
[90m     [39m[90m                [39m[90m                                                                                                                                                       [39m
 01.  AssertionError  Status code la 200                                                                                                                                    
                      expected response to have status code 200 but got 404                                                                                                 
                      at assertion:0 in test-script                                                                                                                         
                      inside "01 - Decision Table C1: ma ton tai & dang hoat dong / TC-A2-006 code viet thuong "save10" -> phai nhan dien la cung mot ma"                   
[90m     [39m[90m                [39m[90m                                                                                                                                                       [39m
 02.  AssertionError  Uu tien bao ma da het han thay vi bao chua du nguong                                                                                                  
                      expected '{"error":"Đơn hàng chưa đủ giá trị tố…' to match /h.t h.n|expired/i                                                                         
                      at assertion:1 in test-script                                                                                                                         
                      inside "02 - Decision Table C2: con han su dung / TC-A2-010 C2 sai + C3 sai cung luc: ma het han VA don duoi nguong -> khong duoc thanh cong"         
[90m     [39m[90m                [39m[90m                                                                                                                                                       [39m
 03.  AssertionError  Status code la 200                                                                                                                                    
                      expected response to have status code 200 but got 400                                                                                                 
                      at assertion:0 in test-script                                                                                                                         
                      inside "03 - Decision Table C3: nguong don hang (BVA) / TC-A2-013 BVA min: SAVE10 voi total = 300.000 (= min) -> PHAI duoc chap nhan"                 
[90m     [39m[90m                [39m[90m                                                                                                                                                       [39m
 04.  AssertionError  success == True                                                                                                                                       
                      expected undefined to deeply equal true                                                                                                               
                      at assertion:1 in test-script                                                                                                                         
                      inside "03 - Decision Table C3: nguong don hang (BVA) / TC-A2-013 BVA min: SAVE10 voi total = 300.000 (= min) -> PHAI duoc chap nhan"                 
[90m     [39m[90m                [39m[90m                                                                                                                                                       [39m
 05.  AssertionError  Status code la 200                                                                                                                                    
                      expected response to have status code 200 but got 400                                                                                                 
                      at assertion:0 in test-script                                                                                                                         
                      inside "03 - Decision Table C3: nguong don hang (BVA) / TC-A2-015 BVA min: BIGBUY voi total = 500.000 (= min) -> PHAI duoc chap nhan"                 
[90m     [39m[90m                [39m[90m                                                                                                                                                       [39m
 06.  AssertionError  success == True                                                                                                                                       
                      expected undefined to deeply equal true                                                                                                               
                      at assertion:1 in test-script                                                                                                                         
                      inside "03 - Decision Table C3: nguong don hang (BVA) / TC-A2-015 BVA min: BIGBUY voi total = 500.000 (= min) -> PHAI duoc chap nhan"                 
[90m     [39m[90m                [39m[90m                                                                                                                                                       [39m
 07.  AssertionError  Status code thuoc [401, 403]                                                                                                                          
                      expected [ 401, 403 ] to include 200                                                                                                                  
                      at assertion:0 in test-script                                                                                                                         
                      inside "04 - Decision Table C4: yeu cau dang nhap / TC-A2-017 C4 sai: goi apply-coupon KHONG kem JWT -> 401"                                          
[90m     [39m[90m                [39m[90m                                                                                                                                                       [39m
 08.  AssertionError  Khong duoc tra ket qua tinh tien                                                                                                                      
                      expected { success: true, coupon_id: 1, …(3) } to not have nested property 'final_amount'                                                             
                      at assertion:1 in test-script                                                                                                                         
                      inside "04 - Decision Table C4: yeu cau dang nhap / TC-A2-017 C4 sai: goi apply-coupon KHONG kem JWT -> 401"                                          
[90m     [39m[90m                [39m[90m                                                                                                                                                       [39m
 09.  AssertionError  Status code thuoc [401, 403]                                                                                                                          
                      expected [ 401, 403 ] to include 200                                                                                                                  
                      at assertion:0 in test-script                                                                                                                         
                      inside "04 - Decision Table C4: yeu cau dang nhap / TC-A2-018 C4 sai: token khong hop le -> 403"                                                      
[90m     [39m[90m                [39m[90m                                                                                                                                                       [39m
 10.  AssertionError  Status code thuoc [400, 401]                                                                                                                          
                      expected [ 400, 401 ] to include 200                                                                                                                  
                      at assertion:0 in test-script                                                                                                                         
                      inside "05 - Decision Table C5 + State Transition: so luot / nguoi / TC-A2-024 C5: bo trong user_id de LACH kiem tra so luot -> van phai bi chan"     
[90m     [39m[90m                [39m[90m                                                                                                                                                       [39m
 11.  AssertionError  Khong duoc tinh giam gia khi da het luot                                                                                                              
                      expected { success: true, coupon_id: 1, …(3) } to not have nested property 'final_amount'                                                             
                      at assertion:1 in test-script                                                                                                                         
                      inside "05 - Decision Table C5 + State Transition: so luot / nguoi / TC-A2-024 C5: bo trong user_id de LACH kiem tra so luot -> van phai bi chan"     
[90m     [39m[90m                [39m[90m                                                                                                                                                       [39m
 12.  AssertionError  Status code thuoc [400, 401, 403]                                                                                                                     
                      expected [ 400, 401, 403 ] to include 200                                                                                                             
                      at assertion:0 in test-script                                                                                                                         
                      inside "05 - Decision Table C5 + State Transition: so luot / nguoi / TC-A2-025 C5 (IDOR): truyen user_id cua nguoi khac de muon luot -> phai bi chan" 
[90m     [39m[90m                [39m[90m                                                                                                                                                       [39m
 13.  AssertionError  Khong duoc muon luot cua nguoi khac                                                                                                                   
                      expected { success: true, coupon_id: 1, …(3) } to not have nested property 'final_amount'                                                             
                      at assertion:1 in test-script                                                                                                                         
                      inside "05 - Decision Table C5 + State Transition: so luot / nguoi / TC-A2-025 C5 (IDOR): truyen user_id cua nguoi khac de muon luot -> phai bi chan" 
[90m     [39m[90m                [39m[90m                                                                                                                                                       [39m
 14.  AssertionError  discount_amount == 50000                                                                                                                              
                      expected -4500000 to deeply equal 50000                                                                                                               
                      at assertion:1 in test-script                                                                                                                         
                      inside "06 - Oracle: cong thuc tinh giam gia / TC-A2-032 percent: SAVE10 10% tren 500.000 -> discount = 50.000, final = 450.000"                      
[90m     [39m[90m                [39m[90m                                                                                                                                                       [39m
 15.  AssertionError  final_amount == 450000                                                                                                                                
                      expected 5000000 to deeply equal 450000                                                                                                               
                      at assertion:2 in test-script                                                                                                                         
                      inside "06 - Oracle: cong thuc tinh giam gia / TC-A2-032 percent: SAVE10 10% tren 500.000 -> discount = 50.000, final = 450.000"                      
[90m     [39m[90m                [39m[90m                                                                                                                                                       [39m
 16.  AssertionError  discount_amount == 100000                                                                                                                             
                      expected -9000000 to deeply equal 100000                                                                                                              
                      at assertion:1 in test-script                                                                                                                         
                      inside "06 - Oracle: cong thuc tinh giam gia / TC-A2-033 percent: SAVE10 10% tren 1.000.000 -> discount = 100.000, final = 900.000"                   
[90m     [39m[90m                [39m[90m                                                                                                                                                       [39m
 17.  AssertionError  final_amount == 900000                                                                                                                                
                      expected 10000000 to deeply equal 900000                                                                                                              
                      at assertion:2 in test-script                                                                                                                         
                      inside "06 - Oracle: cong thuc tinh giam gia / TC-A2-033 percent: SAVE10 10% tren 1.000.000 -> discount = 100.000, final = 900.000"                   
[90m     [39m[90m                [39m[90m                                                                                                                                                       [39m
 18.  AssertionError  Giam gia khong duoc am                                                                                                                                
                      giam gia am -> khach phai tra nhieu hon gia goc: expected -4500000 to be at least +0                                                                  
                      at assertion:1 in test-script                                                                                                                         
                      inside "06 - Oracle: cong thuc tinh giam gia / TC-A2-036 Bat bien: 0 <= discount_amount <= total_amount (khong bao gio am, khong vuot don)"           
[90m     [39m[90m                [39m[90m                                                                                                                                                       [39m
 19.  AssertionError  So tien phai tra khong duoc lon hon gia goc                                                                                                           
                      final_amount > total_amount: expected 5000000 to be at most 500000                                                                                    
                      at assertion:3 in test-script                                                                                                                         
                      inside "06 - Oracle: cong thuc tinh giam gia / TC-A2-036 Bat bien: 0 <= discount_amount <= total_amount (khong bao gio am, khong vuot don)"           
[90m     [39m[90m                [39m[90m                                                                                                                                                       [39m
 20.  AssertionError  Neu chap nhan thi ket qua phai la so nguyen an toan                                                                                                   
                      final_amount vuot khoang so nguyen an toan: expected false to be true                                                                                 
                      at assertion:1 in test-script                                                                                                                         
                      inside "07 - Domain Partition: total_amount / TC-A2-044 total_amount cuc lon (1e15) -> khong tran so, khong 5xx"                                      
